// Jest Snapshot v1, https://goo.gl/fbAQLP

exports[`matches snapshot 1`] = `
<button
  className="collapse-button"
  data-testid="collapseButton"
  onClick={[Function]}
>
  Collapse
</button>
`;
